<html>
<body>
<pre>
<h1>µVision Build Log</h1>
<h2>Tool Versions:</h2>
IDE-Version: ¦ÌVision V5.33.0.0
Copyright (C) 2020 ARM Ltd and ARM Germany GmbH. All rights reserved.
License Information: 1 DELL, 1, LIC=03C6R-K593B-566Q2-9YZB2-7GG9D-TF7KI
 
Tool Versions:
Toolchain:       MDK-ARM Plus  Version: 5.33.0.0
Toolchain Path:  E:\keil\ARM\ARMCC\Bin
C Compiler:      Armcc.exe V5.06 update 7 (build 960)
Assembler:       Armasm.exe V5.06 update 7 (build 960)
Linker/Locator:  ArmLink.exe V5.06 update 7 (build 960)
Library Manager: ArmAr.exe V5.06 update 7 (build 960)
Hex Converter:   FromElf.exe V5.06 update 7 (build 960)
CPU DLL:         SARMCM3.DLL V5.33.0.0
Dialog DLL:      DCM.DLL V1.17.3.0
Target DLL:      STLink\ST-LINKIII-KEIL_SWO.dll V3.0.8.0
Dialog DLL:      TCM.DLL V1.48.0.0
 
<h2>Project:</h2>
C:\Users\DELL\Desktop\IIC\mpu6050_pro\USER\MPU6050.uvprojx
Project File Date:  11/24/2022

<h2>Output:</h2>
*** Using Compiler 'V5.06 update 7 (build 960)', folder: 'E:\keil\ARM\ARMCC\Bin'
Rebuild target 'MPU6050'
compiling stm32f10x_it.c...
compiling led.c...
compiling system_stm32f10x.c...
compiling mpu6050.c...
compiling mpuiic.c...
compiling key.c...
compiling main.c...
main.c(90): warning:  #1293-D: assignment in condition
          while (keyval = myGetKey())
main.c: 1 warning, 0 errors
compiling inv_mpu.c...
compiling lcd_init.c...
compiling usart.c...
compiling core_cm3.c...
compiling lcd.c...
compiling delay.c...
compiling matrix_key.c...
compiling inv_mpu_dmp_motion_driver.c...
assembling startup_stm32f10x_hd.s...
compiling sys.c...
compiling misc.c...
compiling stm32f10x_gpio.c...
compiling stm32f10x_usart.c...
compiling usmart_config.c...
compiling stm32f10x_rcc.c...
compiling usmart.c...
compiling stm32f10x_fsmc.c...
compiling stm32f10x_tim.c...
compiling usmart_str.c...
linking...
Program Size: Code=30248 RO-data=12908 RW-data=436 ZI-data=1852  
FromELF: creating hex file...
"..\OBJ\MPU6050.axf" - 0 Error(s), 1 Warning(s).

<h2>Software Packages used:</h2>

Package Vendor: Keil
                http://www.keil.com/pack/Keil.STM32F1xx_DFP.2.4.0.pack
                Keil.STM32F1xx_DFP.2.4.0
                STMicroelectronics STM32F1 Series Device Support, Drivers and Examples

<h2>Collection of Component include folders:</h2>
  E:\keil\Keil_Pack\Keil\STM32F1xx_DFP\2.4.0\Device\Include

<h2>Collection of Component Files used:</h2>
Build Time Elapsed:  00:00:05
</pre>
</body>
</html>
